// Jest Snapshot v1, https://goo.gl/fbAQLP

exports[`should render character 1`] = `
<div>
  <div
    class="character"
  >
    <h1
      class="headerName"
    >
      Character:
    </h1>
    <img />
    <h1
      class="content"
    >
      Name: 
    </h1>
    <h2>
      Species: 
    </h2>
    <h3>
      Status: 
    </h3>
    <div
      class="bg"
    />
    <div
      class="bg2"
    />
    <div
      class="bg3"
    />
  </div>
</div>
`;
